# This file was generated by approval_tests. Please do not edit.

{
  "original": {
    "id": "B3iWlZRXQ",
    "url": "https://images.dog.ceo/breeds/retriever-golden/n02099601_1024.jpg",
    "width": 1200,
    "height": 900,
    "mime_type": "image/png"
  },
  "serialized": {
    "id": "B3iWlZRXQ",
    "url": "https://images.dog.ceo/breeds/retriever-golden/n02099601_1024.jpg",
    "width": 1200,
    "height": 900,
    "mime_type": "image/png"
  },
  "deserialized": {
    "id": "B3iWlZRXQ",
    "url": "https://images.dog.ceo/breeds/retriever-golden/n02099601_1024.jpg",
    "width": 1200,
    "height": 900,
    "mime_type": "image/png"
  }
}