# This file was generated by approval_tests. Please do not edit.

{
  "original": {
    "id": 123,
    "name": "Labrador Retriever"
  },
  "serialized": {
    "id": 123,
    "name": "Labrador Retriever"
  },
  "deserialized": {
    "id": 123,
    "name": "Labrador Retriever"
  }
}