# This file was generated by approval_tests. Please do not edit.

{
  "input": {
    "id": 456,
    "name": "Bulldog"
  },
  "parsed": {
    "id": 456,
    "name": "Bulldog"
  }
}