# This file was generated by approval_tests. Please do not edit.

{
  "input": {
    "id": "B5iWlZRXQ",
    "url": "https://images.dog.ceo/breeds/retriever-golden/n02099601_1024.jpg",
    "width": 1920,
    "height": 1080
  },
  "parsed": {
    "id": "B5iWlZRXQ",
    "url": "https://images.dog.ceo/breeds/retriever-golden/n02099601_1024.jpg",
    "width": 1920,
    "height": 1080,
    "mime_type": null
  }
}