# This file was generated by approval_tests. Please do not edit.

{
  "breedImage": {
    "id": "B2iWlZRXQ",
    "url": "https://images.dog.ceo/breeds/retriever-golden/n02099601_1024.jpg",
    "width": 800,
    "height": 600,
    "mime_type": null
  }
}