# This file was generated by approval_tests. Please do not edit.

{
  "input": {
    "id": 4,
    "name": "German Shepherd",
    "weight": {
      "imperial": "50-90 lbs",
      "metric": "23-41 kg"
    },
    "height": {
      "imperial": "22-26 inches",
      "metric": "56-66 cm"
    },
    "life_span": "7-10 years",
    "bred_for": "Herding sheep",
    "breed_group": "Herding",
    "temperament": "Loyal, Confident, Courageous",
    "reference_image_id": "B4iWlZRXQ"
  },
  "parsed": {
    "id": 4,
    "name": "German Shepherd",
    "weight": {
      "imperial": "50-90 lbs",
      "metric": "23-41 kg"
    },
    "height": {
      "imperial": "22-26 inches",
      "metric": "56-66 cm"
    },
    "life_span": "7-10 years",
    "bred_for": "Herding sheep",
    "breed_group": "Herding",
    "temperament": "Loyal, Confident, Courageous",
    "reference_image_id": "B4iWlZRXQ"
  }
}