# This file was generated by approval_tests. Please do not edit.

{
  "breed": {
    "id": 1,
    "name": "Golden Retriever"
  }
}