# This file was generated by approval_tests. Please do not edit.

{
  "input": {
    "id": "B4iWlZRXQ",
    "url": "https://images.dog.ceo/breeds/retriever-golden/n02099601_1024.jpg",
    "width": 640,
    "height": 480,
    "mime_type": "image/jpeg"
  },
  "parsed": {
    "id": "B4iWlZRXQ",
    "url": "https://images.dog.ceo/breeds/retriever-golden/n02099601_1024.jpg",
    "width": 640,
    "height": 480,
    "mime_type": "image/jpeg"
  }
}