# This file was generated by approval_tests. Please do not edit.

{
  "breedInfo": {
    "id": 2,
    "name": "Mixed Breed",
    "weight": {
      "imperial": "30-50 lbs",
      "metric": "14-23 kg"
    },
    "height": {
      "imperial": "18-22 inches",
      "metric": "46-56 cm"
    },
    "life_span": null,
    "bred_for": null,
    "breed_group": null,
    "temperament": null,
    "reference_image_id": "B2iWlZRXQ"
  }
}