# This file was generated by approval_tests. Please do not edit.

{
  "breedInfo": {
    "id": 1,
    "name": "Golden Retriever",
    "weight": {
      "imperial": "55-75 lbs",
      "metric": "25-34 kg"
    },
    "height": {
      "imperial": "21.5-24 inches",
      "metric": "55-61 cm"
    },
    "life_span": "10-12 years",
    "bred_for": "Retrieving game for hunters",
    "breed_group": "Sporting",
    "temperament": "Intelligent, Kind, Reliable",
    "reference_image_id": "B1iWlZRXQ"
  }
}