# This file was generated by approval_tests. Please do not edit.

{
  "breed": {
    "id": 42,
    "name": "German Shepherd Dog"
  }
}