# This file was generated by approval_tests. Please do not edit.

{
  "breedImage": {
    "id": "B1iWlZRXQ",
    "url": "https://images.dog.ceo/breeds/retriever-golden/n02099601_1024.jpg",
    "width": 1024,
    "height": 768,
    "mime_type": "image/jpeg"
  }
}