# This file was generated by approval_tests. Please do not edit.

{
  "original": {
    "imperial": "60-80 lbs",
    "metric": "27-36 kg"
  },
  "serialized": {
    "imperial": "60-80 lbs",
    "metric": "27-36 kg"
  },
  "deserialized": {
    "imperial": "60-80 lbs",
    "metric": "27-36 kg"
  }
}