# This file was generated by approval_tests. Please do not edit.

{
  "measure": {
    "imperial": "50-75 lbs",
    "metric": "23-34 kg"
  }
}