# This file was generated by approval_tests. Please do not edit.

{
  "input": {
    "imperial": "20-25 inches",
    "metric": "51-64 cm"
  },
  "parsed": {
    "imperial": "20-25 inches",
    "metric": "51-64 cm"
  }
}