# This file was generated by approval_tests. Please do not edit.

{
  "measure": {
    "imperial": "22-25 inches",
    "metric": "56-64 cm"
  }
}